[2022-05-10T08:17:15.469-0400][gc,heap] Heap region size: 1M
[2022-05-10T08:17:15.474-0400][gc     ] Using G1
[2022-05-10T08:17:15.474-0400][gc,heap,coops] Heap address: 0x00000000c0000000, size: 1024 MB, Compressed Oops mode: 32-bit
[2022-05-10T08:17:15.475-0400][gc,cds       ] Mark closed archive regions in map: [0x00000000fff00000, 0x00000000fff6aff8]
[2022-05-10T08:17:15.475-0400][gc,cds       ] Mark open archive regions in map: [0x00000000ffe00000, 0x00000000ffe46ff8]
[2022-05-10T08:17:16.807-0400][gc,start     ] GC(0) Pause Young (Normal) (G1 Evacuation Pause)
[2022-05-10T08:17:16.808-0400][gc,task      ] GC(0) Using 8 workers of 8 for evacuation
[2022-05-10T08:17:16.829-0400][gc,phases    ] GC(0)   Pre Evacuate Collection Set: 0.0ms
[2022-05-10T08:17:16.830-0400][gc,phases    ] GC(0)   Evacuate Collection Set: 16.9ms
[2022-05-10T08:17:16.830-0400][gc,phases    ] GC(0)   Post Evacuate Collection Set: 2.8ms
[2022-05-10T08:17:16.830-0400][gc,phases    ] GC(0)   Other: 2.5ms
[2022-05-10T08:17:16.831-0400][gc,heap      ] GC(0) Eden regions: 51->0(44)
[2022-05-10T08:17:16.831-0400][gc,heap      ] GC(0) Survivor regions: 0->7(7)
[2022-05-10T08:17:16.831-0400][gc,heap      ] GC(0) Old regions: 2->2
[2022-05-10T08:17:16.831-0400][gc,heap      ] GC(0) Humongous regions: 0->0
[2022-05-10T08:17:16.831-0400][gc,metaspace ] GC(0) Metaspace: 14625K->14625K(1062912K)
[2022-05-10T08:17:16.832-0400][gc           ] GC(0) Pause Young (Normal) (G1 Evacuation Pause) 51M->7M(1024M) 24.961ms
[2022-05-10T08:17:16.832-0400][gc,cpu       ] GC(0) User=0.13s Sys=0.01s Real=0.02s
[2022-05-10T08:17:17.385-0400][gc,start     ] GC(1) Pause Young (Concurrent Start) (Metadata GC Threshold)
[2022-05-10T08:17:17.386-0400][gc,task      ] GC(1) Using 8 workers of 8 for evacuation
[2022-05-10T08:17:17.394-0400][gc,phases    ] GC(1)   Pre Evacuate Collection Set: 0.1ms
[2022-05-10T08:17:17.394-0400][gc,phases    ] GC(1)   Evacuate Collection Set: 7.6ms
[2022-05-10T08:17:17.395-0400][gc,phases    ] GC(1)   Post Evacuate Collection Set: 0.6ms
[2022-05-10T08:17:17.395-0400][gc,phases    ] GC(1)   Other: 0.7ms
[2022-05-10T08:17:17.395-0400][gc,heap      ] GC(1) Eden regions: 25->0(49)
[2022-05-10T08:17:17.395-0400][gc,heap      ] GC(1) Survivor regions: 7->2(7)
[2022-05-10T08:17:17.395-0400][gc,heap      ] GC(1) Old regions: 2->9
[2022-05-10T08:17:17.395-0400][gc,heap      ] GC(1) Humongous regions: 0->0
[2022-05-10T08:17:17.396-0400][gc,metaspace ] GC(1) Metaspace: 20579K->20579K(1067008K)
[2022-05-10T08:17:17.396-0400][gc           ] GC(1) Pause Young (Concurrent Start) (Metadata GC Threshold) 31M->8M(1024M) 10.467ms
[2022-05-10T08:17:17.396-0400][gc,cpu       ] GC(1) User=0.04s Sys=0.00s Real=0.01s
[2022-05-10T08:17:17.396-0400][gc           ] GC(2) Concurrent Cycle
[2022-05-10T08:17:17.396-0400][gc,marking   ] GC(2) Concurrent Clear Claimed Marks
[2022-05-10T08:17:17.396-0400][gc,marking   ] GC(2) Concurrent Clear Claimed Marks 0.243ms
[2022-05-10T08:17:17.397-0400][gc,marking   ] GC(2) Concurrent Scan Root Regions
[2022-05-10T08:17:17.398-0400][gc,marking   ] GC(2) Concurrent Scan Root Regions 0.917ms
[2022-05-10T08:17:17.398-0400][gc,marking   ] GC(2) Concurrent Mark (1.934s)
[2022-05-10T08:17:17.398-0400][gc,marking   ] GC(2) Concurrent Mark From Roots
[2022-05-10T08:17:17.398-0400][gc,task      ] GC(2) Using 2 workers of 2 for marking
[2022-05-10T08:17:17.403-0400][gc,marking   ] GC(2) Concurrent Mark From Roots 4.564ms
[2022-05-10T08:17:17.403-0400][gc,marking   ] GC(2) Concurrent Preclean
[2022-05-10T08:17:17.403-0400][gc,marking   ] GC(2) Concurrent Preclean 0.337ms
[2022-05-10T08:17:17.403-0400][gc,marking   ] GC(2) Concurrent Mark (1.934s, 1.940s) 5.547ms
[2022-05-10T08:17:17.404-0400][gc,start     ] GC(2) Pause Remark
[2022-05-10T08:17:17.406-0400][gc,stringtable] GC(2) Cleaned string and symbol table, strings: 5182 processed, 0 removed, symbols: 50994 processed, 44 removed
[2022-05-10T08:17:17.407-0400][gc            ] GC(2) Pause Remark 8M->8M(1024M) 3.446ms
[2022-05-10T08:17:17.407-0400][gc,cpu        ] GC(2) User=0.00s Sys=0.02s Real=0.01s
[2022-05-10T08:17:17.408-0400][gc,marking    ] GC(2) Concurrent Rebuild Remembered Sets
[2022-05-10T08:17:17.410-0400][gc,marking    ] GC(2) Concurrent Rebuild Remembered Sets 2.268ms
[2022-05-10T08:17:17.410-0400][gc,start      ] GC(2) Pause Cleanup
[2022-05-10T08:17:17.411-0400][gc            ] GC(2) Pause Cleanup 9M->9M(1024M) 0.417ms
[2022-05-10T08:17:17.411-0400][gc,cpu        ] GC(2) User=0.00s Sys=0.00s Real=0.00s
[2022-05-10T08:17:17.411-0400][gc,marking    ] GC(2) Concurrent Cleanup for Next Mark
[2022-05-10T08:17:17.413-0400][gc,marking    ] GC(2) Concurrent Cleanup for Next Mark 1.636ms
[2022-05-10T08:17:17.413-0400][gc            ] GC(2) Concurrent Cycle 16.744ms
[2022-05-10T08:17:18.141-0400][gc,start      ] GC(3) Pause Young (Normal) (G1 Evacuation Pause)
[2022-05-10T08:17:18.141-0400][gc,task       ] GC(3) Using 8 workers of 8 for evacuation
[2022-05-10T08:17:18.144-0400][gc,phases     ] GC(3)   Pre Evacuate Collection Set: 0.0ms
[2022-05-10T08:17:18.144-0400][gc,phases     ] GC(3)   Evacuate Collection Set: 1.8ms
[2022-05-10T08:17:18.144-0400][gc,phases     ] GC(3)   Post Evacuate Collection Set: 0.5ms
[2022-05-10T08:17:18.144-0400][gc,phases     ] GC(3)   Other: 0.5ms
[2022-05-10T08:17:18.145-0400][gc,heap       ] GC(3) Eden regions: 49->0(46)
[2022-05-10T08:17:18.145-0400][gc,heap       ] GC(3) Survivor regions: 2->5(7)
[2022-05-10T08:17:18.145-0400][gc,heap       ] GC(3) Old regions: 9->9
[2022-05-10T08:17:18.145-0400][gc,heap       ] GC(3) Humongous regions: 129->129
[2022-05-10T08:17:18.145-0400][gc,metaspace  ] GC(3) Metaspace: 29030K->29030K(1075200K)
[2022-05-10T08:17:18.145-0400][gc            ] GC(3) Pause Young (Normal) (G1 Evacuation Pause) 186M->140M(1024M) 3.974ms
[2022-05-10T08:17:18.145-0400][gc,cpu        ] GC(3) User=0.01s Sys=0.00s Real=0.01s
[2022-05-10T08:17:18.550-0400][gc,start      ] GC(4) Pause Young (Concurrent Start) (Metadata GC Threshold)
[2022-05-10T08:17:18.550-0400][gc,task       ] GC(4) Using 8 workers of 8 for evacuation
[2022-05-10T08:17:18.559-0400][gc,phases     ] GC(4)   Pre Evacuate Collection Set: 0.1ms
[2022-05-10T08:17:18.559-0400][gc,phases     ] GC(4)   Evacuate Collection Set: 7.2ms
[2022-05-10T08:17:18.559-0400][gc,phases     ] GC(4)   Post Evacuate Collection Set: 1.0ms
[2022-05-10T08:17:18.559-0400][gc,phases     ] GC(4)   Other: 0.5ms
[2022-05-10T08:17:18.560-0400][gc,heap       ] GC(4) Eden regions: 28->0(45)
[2022-05-10T08:17:18.560-0400][gc,heap       ] GC(4) Survivor regions: 5->6(7)
[2022-05-10T08:17:18.560-0400][gc,heap       ] GC(4) Old regions: 9->10
[2022-05-10T08:17:18.560-0400][gc,heap       ] GC(4) Humongous regions: 129->129
[2022-05-10T08:17:18.561-0400][gc,metaspace  ] GC(4) Metaspace: 34458K->34458K(1081344K)
[2022-05-10T08:17:18.562-0400][gc            ] GC(4) Pause Young (Concurrent Start) (Metadata GC Threshold) 167M->142M(1024M) 11.943ms
[2022-05-10T08:17:18.562-0400][gc,cpu        ] GC(4) User=0.06s Sys=0.00s Real=0.01s
[2022-05-10T08:17:18.563-0400][gc            ] GC(5) Concurrent Cycle
[2022-05-10T08:17:18.563-0400][gc,marking    ] GC(5) Concurrent Clear Claimed Marks
[2022-05-10T08:17:18.565-0400][gc,marking    ] GC(5) Concurrent Clear Claimed Marks 2.132ms
[2022-05-10T08:17:18.566-0400][gc,marking    ] GC(5) Concurrent Scan Root Regions
[2022-05-10T08:17:18.570-0400][gc,marking    ] GC(5) Concurrent Scan Root Regions 3.887ms
[2022-05-10T08:17:18.573-0400][gc,marking    ] GC(5) Concurrent Mark (3.109s)
[2022-05-10T08:17:18.575-0400][gc,marking    ] GC(5) Concurrent Mark From Roots
[2022-05-10T08:17:18.575-0400][gc,task       ] GC(5) Using 2 workers of 2 for marking
[2022-05-10T08:17:18.582-0400][gc,marking    ] GC(5) Concurrent Mark From Roots 7.680ms
[2022-05-10T08:17:18.583-0400][gc,marking    ] GC(5) Concurrent Preclean
[2022-05-10T08:17:18.583-0400][gc,marking    ] GC(5) Concurrent Preclean 0.456ms
[2022-05-10T08:17:18.583-0400][gc,marking    ] GC(5) Concurrent Mark (3.109s, 3.120s) 10.510ms
[2022-05-10T08:17:18.584-0400][gc,start      ] GC(5) Pause Remark
[2022-05-10T08:17:18.588-0400][gc,stringtable] GC(5) Cleaned string and symbol table, strings: 9718 processed, 9 removed, symbols: 82530 processed, 16 removed
[2022-05-10T08:17:18.589-0400][gc            ] GC(5) Pause Remark 143M->143M(1024M) 5.312ms
[2022-05-10T08:17:18.589-0400][gc,cpu        ] GC(5) User=0.04s Sys=0.00s Real=0.01s
[2022-05-10T08:17:18.589-0400][gc,marking    ] GC(5) Concurrent Rebuild Remembered Sets
[2022-05-10T08:17:18.595-0400][gc,marking    ] GC(5) Concurrent Rebuild Remembered Sets 5.453ms
[2022-05-10T08:17:18.596-0400][gc,start      ] GC(5) Pause Cleanup
[2022-05-10T08:17:18.596-0400][gc            ] GC(5) Pause Cleanup 143M->143M(1024M) 0.380ms
[2022-05-10T08:17:18.596-0400][gc,cpu        ] GC(5) User=0.00s Sys=0.00s Real=0.00s
[2022-05-10T08:17:18.596-0400][gc,marking    ] GC(5) Concurrent Cleanup for Next Mark
[2022-05-10T08:17:18.602-0400][gc,marking    ] GC(5) Concurrent Cleanup for Next Mark 5.362ms
[2022-05-10T08:17:18.602-0400][gc            ] GC(5) Concurrent Cycle 39.318ms
[2022-05-10T08:17:35.463-0400][gc,start      ] GC(6) Pause Young (Normal) (G1 Evacuation Pause)
[2022-05-10T08:17:35.463-0400][gc,task       ] GC(6) Using 8 workers of 8 for evacuation
[2022-05-10T08:17:35.473-0400][gc,phases     ] GC(6)   Pre Evacuate Collection Set: 0.0ms
[2022-05-10T08:17:35.473-0400][gc,phases     ] GC(6)   Evacuate Collection Set: 6.5ms
[2022-05-10T08:17:35.473-0400][gc,phases     ] GC(6)   Post Evacuate Collection Set: 2.8ms
[2022-05-10T08:17:35.474-0400][gc,phases     ] GC(6)   Other: 0.8ms
[2022-05-10T08:17:35.474-0400][gc,heap       ] GC(6) Eden regions: 45->0(46)
[2022-05-10T08:17:35.474-0400][gc,heap       ] GC(6) Survivor regions: 6->5(7)
[2022-05-10T08:17:35.474-0400][gc,heap       ] GC(6) Old regions: 10->13
[2022-05-10T08:17:35.474-0400][gc,heap       ] GC(6) Humongous regions: 129->129
[2022-05-10T08:17:35.475-0400][gc,metaspace  ] GC(6) Metaspace: 40973K->40973K(1085440K)
[2022-05-10T08:17:35.475-0400][gc            ] GC(6) Pause Young (Normal) (G1 Evacuation Pause) 187M->144M(1024M) 12.233ms
[2022-05-10T08:17:35.475-0400][gc,cpu        ] GC(6) User=0.05s Sys=0.00s Real=0.02s
[2022-05-10T08:23:50.493-0400][gc,start      ] GC(7) Pause Young (Normal) (G1 Evacuation Pause)
[2022-05-10T08:23:50.493-0400][gc,task       ] GC(7) Using 8 workers of 8 for evacuation
[2022-05-10T08:23:50.497-0400][gc,phases     ] GC(7)   Pre Evacuate Collection Set: 0.3ms
[2022-05-10T08:23:50.497-0400][gc,phases     ] GC(7)   Evacuate Collection Set: 2.8ms
[2022-05-10T08:23:50.497-0400][gc,phases     ] GC(7)   Post Evacuate Collection Set: 0.7ms
[2022-05-10T08:23:50.498-0400][gc,phases     ] GC(7)   Other: 0.4ms
[2022-05-10T08:23:50.498-0400][gc,heap       ] GC(7) Eden regions: 46->0(47)
[2022-05-10T08:23:50.498-0400][gc,heap       ] GC(7) Survivor regions: 5->4(7)
[2022-05-10T08:23:50.498-0400][gc,heap       ] GC(7) Old regions: 13->15
[2022-05-10T08:23:50.498-0400][gc,heap       ] GC(7) Humongous regions: 129->129
[2022-05-10T08:23:50.498-0400][gc,metaspace  ] GC(7) Metaspace: 44234K->44234K(1089536K)
[2022-05-10T08:23:50.498-0400][gc            ] GC(7) Pause Young (Normal) (G1 Evacuation Pause) 190M->146M(1024M) 5.529ms
[2022-05-10T08:23:50.498-0400][gc,cpu        ] GC(7) User=0.02s Sys=0.00s Real=0.01s
[2022-05-10T08:23:53.489-0400][gc,heap,exit  ] Heap
[2022-05-10T08:23:53.489-0400][gc,heap,exit  ]  garbage-first heap   total 1048576K, used 153605K [0x00000000c0000000, 0x0000000100000000)
[2022-05-10T08:23:53.490-0400][gc,heap,exit  ]   region size 1024K, 9 young (9216K), 4 survivors (4096K)
[2022-05-10T08:23:53.490-0400][gc,heap,exit  ]  Metaspace       used 44340K, capacity 47104K, committed 47360K, reserved 1089536K
[2022-05-10T08:23:53.490-0400][gc,heap,exit  ]   class space    used 5788K, capacity 7155K, committed 7168K, reserved 1048576K
