[2022-05-10T08:17:08.371-0400][gc,heap] Heap region size: 1M
[2022-05-10T08:17:08.375-0400][gc     ] Using G1
[2022-05-10T08:17:08.375-0400][gc,heap,coops] Heap address: 0x00000000e0000000, size: 512 MB, Compressed Oops mode: 32-bit
[2022-05-10T08:17:08.376-0400][gc,cds       ] Mark closed archive regions in map: [0x00000000fff00000, 0x00000000fff6aff8]
[2022-05-10T08:17:08.376-0400][gc,cds       ] Mark open archive regions in map: [0x00000000ffe00000, 0x00000000ffe46ff8]
[2022-05-10T08:17:09.644-0400][gc,start     ] GC(0) Pause Young (Normal) (G1 Evacuation Pause)
[2022-05-10T08:17:09.645-0400][gc,task      ] GC(0) Using 8 workers of 8 for evacuation
[2022-05-10T08:17:09.657-0400][gc,phases    ] GC(0)   Pre Evacuate Collection Set: 0.0ms
[2022-05-10T08:17:09.658-0400][gc,phases    ] GC(0)   Evacuate Collection Set: 10.4ms
[2022-05-10T08:17:09.658-0400][gc,phases    ] GC(0)   Post Evacuate Collection Set: 1.4ms
[2022-05-10T08:17:09.659-0400][gc,phases    ] GC(0)   Other: 1.8ms
[2022-05-10T08:17:09.659-0400][gc,heap      ] GC(0) Eden regions: 25->0(21)
[2022-05-10T08:17:09.659-0400][gc,heap      ] GC(0) Survivor regions: 0->4(4)
[2022-05-10T08:17:09.659-0400][gc,heap      ] GC(0) Old regions: 2->5
[2022-05-10T08:17:09.660-0400][gc,heap      ] GC(0) Humongous regions: 0->0
[2022-05-10T08:17:09.660-0400][gc,metaspace ] GC(0) Metaspace: 7663K->7663K(1056768K)
[2022-05-10T08:17:09.660-0400][gc           ] GC(0) Pause Young (Normal) (G1 Evacuation Pause) 25M->7M(512M) 16.407ms
[2022-05-10T08:17:09.660-0400][gc,cpu       ] GC(0) User=0.07s Sys=0.01s Real=0.02s
[2022-05-10T08:24:30.708-0400][gc,heap,exit ] Heap
[2022-05-10T08:24:30.708-0400][gc,heap,exit ]  garbage-first heap   total 524288K, used 21047K [0x00000000e0000000, 0x0000000100000000)
[2022-05-10T08:24:30.708-0400][gc,heap,exit ]   region size 1024K, 18 young (18432K), 4 survivors (4096K)
[2022-05-10T08:24:30.708-0400][gc,heap,exit ]  Metaspace       used 9337K, capacity 9723K, committed 9856K, reserved 1058816K
[2022-05-10T08:24:30.708-0400][gc,heap,exit ]   class space    used 979K, capacity 1123K, committed 1152K, reserved 1048576K
